Looking in indexes: https://download.pytorch.org/whl/cpu
Collecting torch
  Downloading torch-2.12.1%2Bcpu-cp310-cp310-manylinux_2_28_x86_64.whl.metadata (31 kB)
Collecting filelock (from torch)
  Using cached filelock-3.29.0-py3-none-any.whl.metadata (2.0 kB)
Collecting typing-extensions>=4.10.0 (from torch)
  Using cached typing_extensions-4.15.0-py3-none-any.whl.metadata (3.3 kB)
Collecting setuptools<82 (from torch)
  Downloading setuptools-70.2.0-py3-none-any.whl.metadata (5.8 kB)
Collecting sympy>=1.13.3 (from torch)
  Using cached sympy-1.14.0-py3-none-any.whl.metadata (12 kB)
Collecting networkx>=2.5.1 (from torch)
  Using cached networkx-3.4.2-py3-none-any.whl.metadata (6.3 kB)
Collecting jinja2 (from torch)
  Using cached jinja2-3.1.6-py3-none-any.whl.metadata (2.9 kB)
Collecting fsspec>=0.8.5 (from torch)
  Using cached fsspec-2026.4.0-py3-none-any.whl.metadata (10 kB)
Collecting mpmath<1.4,>=1.1.0 (from sympy>=1.13.3->torch)
  Using cached mpmath-1.3.0-py3-none-any.whl.metadata (8.6 kB)
Collecting MarkupSafe>=2.0 (from jinja2->torch)
  Using cached markupsafe-3.0.3-cp310-cp310-manylinux2014_x86_64.manylinux_2_17_x86_64.manylinux_2_28_x86_64.whl.metadata (2.7 kB)
Downloading torch-2.12.1%2Bcpu-cp310-cp310-manylinux_2_28_x86_64.whl (192.2 MB)
   ━━━━━━━━━━━━━━━━━━━━━━━━━━━━━━━━━━━━━━━━ 192.2/192.2 MB 5.8 MB/s  0:00:34
Downloading setuptools-70.2.0-py3-none-any.whl (930 kB)
   ━━━━━━━━━━━━━━━━━━━━━━━━━━━━━━━━━━━━━━━━ 930.8/930.8 kB 3.7 MB/s  0:00:00
Using cached fsspec-2026.4.0-py3-none-any.whl (203 kB)
Using cached networkx-3.4.2-py3-none-any.whl (1.7 MB)
Using cached sympy-1.14.0-py3-none-any.whl (6.3 MB)
Using cached mpmath-1.3.0-py3-none-any.whl (536 kB)
Using cached typing_extensions-4.15.0-py3-none-any.whl (44 kB)
Using cached filelock-3.29.0-py3-none-any.whl (39 kB)
Using cached jinja2-3.1.6-py3-none-any.whl (134 kB)
Using cached markupsafe-3.0.3-cp310-cp310-manylinux2014_x86_64.manylinux_2_17_x86_64.manylinux_2_28_x86_64.whl (20 kB)
Installing collected packages: mpmath, typing-extensions, sympy, setuptools, networkx, MarkupSafe, fsspec, filelock, jinja2, torch
  Attempting uninstall: setuptools
    Found existing installation: setuptools 82.0.1
    Uninstalling setuptools-82.0.1:
      Successfully uninstalled setuptools-82.0.1

Successfully installed MarkupSafe-3.0.3 filelock-3.29.0 fsspec-2026.4.0 jinja2-3.1.6 mpmath-1.3.0 networkx-3.4.2 setuptools-70.2.0 sympy-1.14.0 torch-2.12.1+cpu typing-extensions-4.15.0
Collecting pandas>=2.0 (from -r requirements.txt (line 2))
  Using cached pandas-2.3.3-cp310-cp310-manylinux_2_24_x86_64.manylinux_2_28_x86_64.whl.metadata (91 kB)
Collecting numpy>=1.24 (from -r requirements.txt (line 3))
  Using cached numpy-2.2.6-cp310-cp310-manylinux_2_17_x86_64.manylinux2014_x86_64.whl.metadata (62 kB)
Collecting scipy>=1.10 (from -r requirements.txt (line 4))
  Using cached scipy-1.15.3-cp310-cp310-manylinux_2_17_x86_64.manylinux2014_x86_64.whl.metadata (61 kB)
Collecting scikit-learn>=1.3 (from -r requirements.txt (line 5))
  Using cached scikit_learn-1.7.2-cp310-cp310-manylinux2014_x86_64.manylinux_2_17_x86_64.whl.metadata (11 kB)
Collecting lightgbm>=4.0 (from -r requirements.txt (line 8))
  Using cached lightgbm-4.6.0-py3-none-manylinux_2_28_x86_64.whl.metadata (17 kB)
Collecting xgboost>=2.0 (from -r requirements.txt (line 9))
  Using cached xgboost-3.2.0-py3-none-manylinux_2_28_x86_64.whl.metadata (2.1 kB)
Collecting catboost>=1.2 (from -r requirements.txt (line 10))
  Using cached catboost-1.2.10-cp310-cp310-manylinux2014_x86_64.whl.metadata (1.2 kB)
Collecting optuna>=3.4 (from -r requirements.txt (line 13))
  Using cached optuna-4.9.0-py3-none-any.whl.metadata (15 kB)
Collecting imbalanced-learn>=0.11 (from -r requirements.txt (line 16))
  Using cached imbalanced_learn-0.14.2-py3-none-any.whl.metadata (8.9 kB)
Collecting shap>=0.43 (from -r requirements.txt (line 19))
  Using cached shap-0.49.1-cp310-cp310-manylinux_2_17_x86_64.manylinux2014_x86_64.whl.metadata (25 kB)
Collecting sentence-transformers>=2.2 (from -r requirements.txt (line 22))
  Downloading sentence_transformers-5.6.0-py3-none-any.whl.metadata (18 kB)
Requirement already satisfied: torch>=2.0 in ./.venv/lib/python3.10/site-packages (from -r requirements.txt (line 23)) (2.12.1+cpu)
Collecting langdetect>=1.0.9 (from -r requirements.txt (line 26))
  Downloading langdetect-1.0.9.tar.gz (981 kB)
     ━━━━━━━━━━━━━━━━━━━━━━━━━━━━━━━━━━━━━━━━ 981.5/981.5 kB 1.6 MB/s  0:00:00
  Installing build dependencies: started
  Installing build dependencies: finished with status 'done'
  Getting requirements to build wheel: started
  Getting requirements to build wheel: finished with status 'done'
  Preparing metadata (pyproject.toml): started
  Preparing metadata (pyproject.toml): finished with status 'done'
Collecting matplotlib>=3.7 (from -r requirements.txt (line 29))
  Using cached matplotlib-3.10.9-cp310-cp310-manylinux2014_x86_64.manylinux_2_17_x86_64.whl.metadata (52 kB)
Collecting seaborn>=0.12 (from -r requirements.txt (line 30))
  Using cached seaborn-0.13.2-py3-none-any.whl.metadata (5.4 kB)
Collecting joblib>=1.3 (from -r requirements.txt (line 33))
  Using cached joblib-1.5.3-py3-none-any.whl.metadata (5.5 kB)
Collecting pyyaml>=6.0 (from -r requirements.txt (line 34))
  Using cached pyyaml-6.0.3-cp310-cp310-manylinux2014_x86_64.manylinux_2_17_x86_64.manylinux_2_28_x86_64.whl.metadata (2.4 kB)
Collecting tqdm>=4.65 (from -r requirements.txt (line 35))
  Using cached tqdm-4.68.3-py3-none-any.whl.metadata (57 kB)
Collecting python-dateutil>=2.8.2 (from pandas>=2.0->-r requirements.txt (line 2))
  Using cached python_dateutil-2.9.0.post0-py2.py3-none-any.whl.metadata (8.4 kB)
Collecting pytz>=2020.1 (from pandas>=2.0->-r requirements.txt (line 2))
  Using cached pytz-2026.2-py2.py3-none-any.whl.metadata (22 kB)
Collecting tzdata>=2022.7 (from pandas>=2.0->-r requirements.txt (line 2))
  Using cached tzdata-2026.2-py2.py3-none-any.whl.metadata (1.4 kB)
Collecting threadpoolctl>=3.1.0 (from scikit-learn>=1.3->-r requirements.txt (line 5))
  Using cached threadpoolctl-3.6.0-py3-none-any.whl.metadata (13 kB)
Collecting nvidia-nccl-cu12 (from xgboost>=2.0->-r requirements.txt (line 9))
  Using cached nvidia_nccl_cu12-2.30.7-py3-none-manylinux_2_18_x86_64.whl.metadata (2.1 kB)
Collecting graphviz (from catboost>=1.2->-r requirements.txt (line 10))
  Using cached graphviz-0.21-py3-none-any.whl.metadata (12 kB)
Collecting plotly (from catboost>=1.2->-r requirements.txt (line 10))
  Using cached plotly-6.8.0-py3-none-any.whl.metadata (9.0 kB)
Collecting six (from catboost>=1.2->-r requirements.txt (line 10))
  Using cached six-1.17.0-py2.py3-none-any.whl.metadata (1.7 kB)
Collecting alembic>=1.5.0 (from optuna>=3.4->-r requirements.txt (line 13))
  Using cached alembic-1.18.4-py3-none-any.whl.metadata (7.2 kB)
Collecting colorlog (from optuna>=3.4->-r requirements.txt (line 13))
  Using cached colorlog-6.10.1-py3-none-any.whl.metadata (11 kB)
Requirement already satisfied: packaging>=20.0 in ./.venv/lib/python3.10/site-packages (from optuna>=3.4->-r requirements.txt (line 13)) (26.2)
Collecting sqlalchemy>=1.4.2 (from optuna>=3.4->-r requirements.txt (line 13))
  Using cached sqlalchemy-2.0.51-cp310-cp310-manylinux2014_x86_64.manylinux_2_17_x86_64.manylinux_2_28_x86_64.whl.metadata (9.5 kB)
Collecting sklearn-compat<0.2,>=0.1.6 (from imbalanced-learn>=0.11->-r requirements.txt (line 16))
  Using cached sklearn_compat-0.1.6-py3-none-any.whl.metadata (22 kB)
Collecting slicer==0.0.8 (from shap>=0.43->-r requirements.txt (line 19))
  Using cached slicer-0.0.8-py3-none-any.whl.metadata (4.0 kB)
Collecting numba>=0.54 (from shap>=0.43->-r requirements.txt (line 19))
  Using cached numba-0.65.1-cp310-cp310-manylinux2014_x86_64.manylinux_2_17_x86_64.whl.metadata (2.9 kB)
Collecting cloudpickle (from shap>=0.43->-r requirements.txt (line 19))
  Using cached cloudpickle-3.1.2-py3-none-any.whl.metadata (7.1 kB)
Requirement already satisfied: typing-extensions in ./.venv/lib/python3.10/site-packages (from shap>=0.43->-r requirements.txt (line 19)) (4.15.0)
Collecting transformers<6.0.0,>=4.41.0 (from sentence-transformers>=2.2->-r requirements.txt (line 22))
  Downloading transformers-5.12.1-py3-none-any.whl.metadata (33 kB)
Collecting huggingface-hub>=0.23.0 (from sentence-transformers>=2.2->-r requirements.txt (line 22))
  Downloading huggingface_hub-1.20.1-py3-none-any.whl.metadata (14 kB)
Collecting regex>=2025.10.22 (from transformers<6.0.0,>=4.41.0->sentence-transformers>=2.2->-r requirements.txt (line 22))
  Using cached regex-2026.5.9-cp310-cp310-manylinux2014_x86_64.manylinux_2_17_x86_64.manylinux_2_28_x86_64.whl.metadata (40 kB)
Collecting tokenizers<=0.23.0,>=0.22.0 (from transformers<6.0.0,>=4.41.0->sentence-transformers>=2.2->-r requirements.txt (line 22))
  Using cached tokenizers-0.22.2-cp39-abi3-manylinux_2_17_x86_64.manylinux2014_x86_64.whl.metadata (7.3 kB)
Collecting typer (from transformers<6.0.0,>=4.41.0->sentence-transformers>=2.2->-r requirements.txt (line 22))
  Using cached typer-0.26.7-py3-none-any.whl.metadata (16 kB)
Collecting safetensors>=0.4.3 (from transformers<6.0.0,>=4.41.0->sentence-transformers>=2.2->-r requirements.txt (line 22))
  Downloading safetensors-0.8.0-cp310-abi3-manylinux_2_17_x86_64.manylinux2014_x86_64.whl.metadata (4.2 kB)
Collecting click>=8.4.0 (from huggingface-hub>=0.23.0->sentence-transformers>=2.2->-r requirements.txt (line 22))
  Using cached click-8.4.1-py3-none-any.whl.metadata (2.6 kB)
Requirement already satisfied: filelock>=3.10.0 in ./.venv/lib/python3.10/site-packages (from huggingface-hub>=0.23.0->sentence-transformers>=2.2->-r requirements.txt (line 22)) (3.29.0)
Requirement already satisfied: fsspec>=2023.5.0 in ./.venv/lib/python3.10/site-packages (from huggingface-hub>=0.23.0->sentence-transformers>=2.2->-r requirements.txt (line 22)) (2026.4.0)
Collecting hf-xet<2.0.0,>=1.5.1 (from huggingface-hub>=0.23.0->sentence-transformers>=2.2->-r requirements.txt (line 22))
  Using cached hf_xet-1.5.1-cp37-abi3-manylinux2014_x86_64.manylinux_2_17_x86_64.whl.metadata (4.9 kB)
Collecting httpx<1,>=0.23.0 (from huggingface-hub>=0.23.0->sentence-transformers>=2.2->-r requirements.txt (line 22))
  Using cached httpx-0.28.1-py3-none-any.whl.metadata (7.1 kB)
Collecting typer (from transformers<6.0.0,>=4.41.0->sentence-transformers>=2.2->-r requirements.txt (line 22))
  Using cached typer-0.25.1-py3-none-any.whl.metadata (15 kB)
Collecting anyio (from httpx<1,>=0.23.0->huggingface-hub>=0.23.0->sentence-transformers>=2.2->-r requirements.txt (line 22))
  Using cached anyio-4.14.0-py3-none-any.whl.metadata (4.6 kB)
Collecting certifi (from httpx<1,>=0.23.0->huggingface-hub>=0.23.0->sentence-transformers>=2.2->-r requirements.txt (line 22))
  Using cached certifi-2026.6.17-py3-none-any.whl.metadata (2.5 kB)
Collecting httpcore==1.* (from httpx<1,>=0.23.0->huggingface-hub>=0.23.0->sentence-transformers>=2.2->-r requirements.txt (line 22))
  Using cached httpcore-1.0.9-py3-none-any.whl.metadata (21 kB)
Collecting idna (from httpx<1,>=0.23.0->huggingface-hub>=0.23.0->sentence-transformers>=2.2->-r requirements.txt (line 22))
  Using cached idna-3.18-py3-none-any.whl.metadata (6.1 kB)
Collecting h11>=0.16 (from httpcore==1.*->httpx<1,>=0.23.0->huggingface-hub>=0.23.0->sentence-transformers>=2.2->-r requirements.txt (line 22))
  Using cached h11-0.16.0-py3-none-any.whl.metadata (8.3 kB)
Collecting shellingham>=1.3.0 (from typer->transformers<6.0.0,>=4.41.0->sentence-transformers>=2.2->-r requirements.txt (line 22))
  Using cached shellingham-1.5.4-py2.py3-none-any.whl.metadata (3.5 kB)
Collecting rich>=13.8.0 (from typer->transformers<6.0.0,>=4.41.0->sentence-transformers>=2.2->-r requirements.txt (line 22))
  Using cached rich-15.0.0-py3-none-any.whl.metadata (18 kB)
Collecting annotated-doc>=0.0.2 (from typer->transformers<6.0.0,>=4.41.0->sentence-transformers>=2.2->-r requirements.txt (line 22))
  Using cached annotated_doc-0.0.4-py3-none-any.whl.metadata (6.6 kB)
Requirement already satisfied: setuptools<82 in ./.venv/lib/python3.10/site-packages (from torch>=2.0->-r requirements.txt (line 23)) (70.2.0)
Requirement already satisfied: sympy>=1.13.3 in ./.venv/lib/python3.10/site-packages (from torch>=2.0->-r requirements.txt (line 23)) (1.14.0)
Requirement already satisfied: networkx>=2.5.1 in ./.venv/lib/python3.10/site-packages (from torch>=2.0->-r requirements.txt (line 23)) (3.4.2)
Requirement already satisfied: jinja2 in ./.venv/lib/python3.10/site-packages (from torch>=2.0->-r requirements.txt (line 23)) (3.1.6)
Collecting contourpy>=1.0.1 (from matplotlib>=3.7->-r requirements.txt (line 29))
  Using cached contourpy-1.3.2-cp310-cp310-manylinux_2_17_x86_64.manylinux2014_x86_64.whl.metadata (5.5 kB)
Collecting cycler>=0.10 (from matplotlib>=3.7->-r requirements.txt (line 29))
  Using cached cycler-0.12.1-py3-none-any.whl.metadata (3.8 kB)
Collecting fonttools>=4.22.0 (from matplotlib>=3.7->-r requirements.txt (line 29))
  Using cached fonttools-4.63.0-cp310-cp310-manylinux2014_x86_64.manylinux_2_17_x86_64.whl.metadata (118 kB)
Collecting kiwisolver>=1.3.1 (from matplotlib>=3.7->-r requirements.txt (line 29))
  Using cached kiwisolver-1.5.0-cp310-cp310-manylinux_2_12_x86_64.manylinux2010_x86_64.whl.metadata (5.1 kB)
Collecting pillow>=8 (from matplotlib>=3.7->-r requirements.txt (line 29))
  Using cached pillow-12.2.0-cp310-cp310-manylinux_2_27_x86_64.manylinux_2_28_x86_64.whl.metadata (8.8 kB)
Collecting pyparsing>=3 (from matplotlib>=3.7->-r requirements.txt (line 29))
  Using cached pyparsing-3.3.2-py3-none-any.whl.metadata (5.8 kB)
Collecting Mako (from alembic>=1.5.0->optuna>=3.4->-r requirements.txt (line 13))
  Using cached mako-1.3.12-py3-none-any.whl.metadata (2.9 kB)
Collecting tomli (from alembic>=1.5.0->optuna>=3.4->-r requirements.txt (line 13))
  Using cached tomli-2.4.1-py3-none-any.whl.metadata (10 kB)
Collecting llvmlite<0.48,>=0.47.0dev0 (from numba>=0.54->shap>=0.43->-r requirements.txt (line 19))
  Using cached llvmlite-0.47.0-cp310-cp310-manylinux2014_x86_64.manylinux_2_17_x86_64.whl.metadata (5.0 kB)
Collecting markdown-it-py>=2.2.0 (from rich>=13.8.0->typer->transformers<6.0.0,>=4.41.0->sentence-transformers>=2.2->-r requirements.txt (line 22))
  Using cached markdown_it_py-4.2.0-py3-none-any.whl.metadata (7.4 kB)
Collecting pygments<3.0.0,>=2.13.0 (from rich>=13.8.0->typer->transformers<6.0.0,>=4.41.0->sentence-transformers>=2.2->-r requirements.txt (line 22))
  Using cached pygments-2.20.0-py3-none-any.whl.metadata (2.5 kB)
Collecting mdurl~=0.1 (from markdown-it-py>=2.2.0->rich>=13.8.0->typer->transformers<6.0.0,>=4.41.0->sentence-transformers>=2.2->-r requirements.txt (line 22))
  Using cached mdurl-0.1.2-py3-none-any.whl.metadata (1.6 kB)
Collecting greenlet>=1 (from sqlalchemy>=1.4.2->optuna>=3.4->-r requirements.txt (line 13))
  Using cached greenlet-3.5.2-cp310-cp310-manylinux_2_24_x86_64.manylinux_2_28_x86_64.whl.metadata (3.8 kB)
Requirement already satisfied: mpmath<1.4,>=1.1.0 in ./.venv/lib/python3.10/site-packages (from sympy>=1.13.3->torch>=2.0->-r requirements.txt (line 23)) (1.3.0)
Collecting exceptiongroup>=1.0.2 (from anyio->httpx<1,>=0.23.0->huggingface-hub>=0.23.0->sentence-transformers>=2.2->-r requirements.txt (line 22))
  Using cached exceptiongroup-1.3.1-py3-none-any.whl.metadata (6.7 kB)
Requirement already satisfied: MarkupSafe>=2.0 in ./.venv/lib/python3.10/site-packages (from jinja2->torch>=2.0->-r requirements.txt (line 23)) (3.0.3)
Collecting narwhals>=1.15.1 (from plotly->catboost>=1.2->-r requirements.txt (line 10))
  Using cached narwhals-2.22.1-py3-none-any.whl.metadata (15 kB)
Using cached pandas-2.3.3-cp310-cp310-manylinux_2_24_x86_64.manylinux_2_28_x86_64.whl (12.8 MB)
Using cached numpy-2.2.6-cp310-cp310-manylinux_2_17_x86_64.manylinux2014_x86_64.whl (16.8 MB)
Using cached scipy-1.15.3-cp310-cp310-manylinux_2_17_x86_64.manylinux2014_x86_64.whl (37.7 MB)
Using cached scikit_learn-1.7.2-cp310-cp310-manylinux2014_x86_64.manylinux_2_17_x86_64.whl (9.7 MB)
Using cached lightgbm-4.6.0-py3-none-manylinux_2_28_x86_64.whl (3.6 MB)
Using cached xgboost-3.2.0-py3-none-manylinux_2_28_x86_64.whl (131.7 MB)
Using cached catboost-1.2.10-cp310-cp310-manylinux2014_x86_64.whl (97.2 MB)
Using cached optuna-4.9.0-py3-none-any.whl (425 kB)
Using cached imbalanced_learn-0.14.2-py3-none-any.whl (236 kB)
Using cached joblib-1.5.3-py3-none-any.whl (309 kB)
Using cached sklearn_compat-0.1.6-py3-none-any.whl (22 kB)
Using cached threadpoolctl-3.6.0-py3-none-any.whl (18 kB)
Using cached shap-0.49.1-cp310-cp310-manylinux_2_17_x86_64.manylinux2014_x86_64.whl (1.0 MB)
Using cached slicer-0.0.8-py3-none-any.whl (15 kB)
Downloading sentence_transformers-5.6.0-py3-none-any.whl (596 kB)
   ━━━━━━━━━━━━━━━━━━━━━━━━━━━━━━━━━━━━━━━━ 596.4/596.4 kB 2.7 MB/s  0:00:00
Downloading transformers-5.12.1-py3-none-any.whl (11.2 MB)
   ━━━━━━━━━━━━━━━━━━━━━━━━━━━━━━━━━━━━━━━━ 11.2/11.2 MB 5.7 MB/s  0:00:01
Downloading huggingface_hub-1.20.1-py3-none-any.whl (719 kB)
   ━━━━━━━━━━━━━━━━━━━━━━━━━━━━━━━━━━━━━━━━ 719.8/719.8 kB 5.5 MB/s  0:00:00
Using cached hf_xet-1.5.1-cp37-abi3-manylinux2014_x86_64.manylinux_2_17_x86_64.whl (4.5 MB)
Using cached httpx-0.28.1-py3-none-any.whl (73 kB)
Using cached httpcore-1.0.9-py3-none-any.whl (78 kB)
Using cached tokenizers-0.22.2-cp39-abi3-manylinux_2_17_x86_64.manylinux2014_x86_64.whl (3.3 MB)
Using cached typer-0.25.1-py3-none-any.whl (58 kB)
Using cached matplotlib-3.10.9-cp310-cp310-manylinux2014_x86_64.manylinux_2_17_x86_64.whl (8.8 MB)
Using cached seaborn-0.13.2-py3-none-any.whl (294 kB)
Using cached pyyaml-6.0.3-cp310-cp310-manylinux2014_x86_64.manylinux_2_17_x86_64.manylinux_2_28_x86_64.whl (770 kB)
Using cached tqdm-4.68.3-py3-none-any.whl (78 kB)
Using cached alembic-1.18.4-py3-none-any.whl (263 kB)
Using cached annotated_doc-0.0.4-py3-none-any.whl (5.3 kB)
Using cached click-8.4.1-py3-none-any.whl (116 kB)
Using cached contourpy-1.3.2-cp310-cp310-manylinux_2_17_x86_64.manylinux2014_x86_64.whl (325 kB)
Using cached cycler-0.12.1-py3-none-any.whl (8.3 kB)
Using cached fonttools-4.63.0-cp310-cp310-manylinux2014_x86_64.manylinux_2_17_x86_64.whl (4.9 MB)
Using cached h11-0.16.0-py3-none-any.whl (37 kB)
Using cached kiwisolver-1.5.0-cp310-cp310-manylinux_2_12_x86_64.manylinux2010_x86_64.whl (1.6 MB)
Using cached numba-0.65.1-cp310-cp310-manylinux2014_x86_64.manylinux_2_17_x86_64.whl (3.7 MB)
Using cached llvmlite-0.47.0-cp310-cp310-manylinux2014_x86_64.manylinux_2_17_x86_64.whl (56.3 MB)
Using cached pillow-12.2.0-cp310-cp310-manylinux_2_27_x86_64.manylinux_2_28_x86_64.whl (7.1 MB)
Using cached pyparsing-3.3.2-py3-none-any.whl (122 kB)
Using cached python_dateutil-2.9.0.post0-py2.py3-none-any.whl (229 kB)
Using cached pytz-2026.2-py2.py3-none-any.whl (510 kB)
Using cached regex-2026.5.9-cp310-cp310-manylinux2014_x86_64.manylinux_2_17_x86_64.manylinux_2_28_x86_64.whl (794 kB)
Using cached rich-15.0.0-py3-none-any.whl (310 kB)
Using cached pygments-2.20.0-py3-none-any.whl (1.2 MB)
Using cached markdown_it_py-4.2.0-py3-none-any.whl (91 kB)
Using cached mdurl-0.1.2-py3-none-any.whl (10.0 kB)
Downloading safetensors-0.8.0-cp310-abi3-manylinux_2_17_x86_64.manylinux2014_x86_64.whl (516 kB)
Using cached shellingham-1.5.4-py2.py3-none-any.whl (9.8 kB)
Using cached six-1.17.0-py2.py3-none-any.whl (11 kB)
Using cached sqlalchemy-2.0.51-cp310-cp310-manylinux2014_x86_64.manylinux_2_17_x86_64.manylinux_2_28_x86_64.whl (3.2 MB)
Using cached greenlet-3.5.2-cp310-cp310-manylinux_2_24_x86_64.manylinux_2_28_x86_64.whl (615 kB)
Using cached tzdata-2026.2-py2.py3-none-any.whl (349 kB)
Using cached anyio-4.14.0-py3-none-any.whl (123 kB)
Using cached exceptiongroup-1.3.1-py3-none-any.whl (16 kB)
Using cached idna-3.18-py3-none-any.whl (65 kB)
Using cached certifi-2026.6.17-py3-none-any.whl (133 kB)
Using cached cloudpickle-3.1.2-py3-none-any.whl (22 kB)
Using cached colorlog-6.10.1-py3-none-any.whl (11 kB)
Using cached graphviz-0.21-py3-none-any.whl (47 kB)
Using cached mako-1.3.12-py3-none-any.whl (78 kB)
Using cached nvidia_nccl_cu12-2.30.7-py3-none-manylinux_2_18_x86_64.whl (303.4 MB)
Using cached plotly-6.8.0-py3-none-any.whl (9.9 MB)
Using cached narwhals-2.22.1-py3-none-any.whl (454 kB)
Using cached tomli-2.4.1-py3-none-any.whl (14 kB)
Building wheels for collected packages: langdetect
  Building wheel for langdetect (pyproject.toml): started
  Building wheel for langdetect (pyproject.toml): finished with status 'done'
  Created wheel for langdetect: filename=langdetect-1.0.9-py3-none-any.whl size=993332 sha256=29a102a2570dc985bb7abecc90ec6cd700d2343f16581e160c47293e4a518374
  Stored in directory: /home/parvmittal/.cache/pip/wheels/95/03/7d/59ea870c70ce4e5a370638b5462a7711ab78fba2f655d05106
Successfully built langdetect
Installing collected packages: pytz, tzdata, tqdm, tomli, threadpoolctl, slicer, six, shellingham, safetensors, regex, pyyaml, pyparsing, pygments, pillow, nvidia-nccl-cu12, numpy, narwhals, mdurl, Mako, llvmlite, kiwisolver, joblib, idna, hf-xet, h11, greenlet, graphviz, fonttools, exceptiongroup, cycler, colorlog, cloudpickle, click, certifi, annotated-doc, sqlalchemy, scipy, python-dateutil, plotly, numba, markdown-it-py, langdetect, httpcore, contourpy, anyio, xgboost, scikit-learn, rich, pandas, matplotlib, lightgbm, httpx, alembic, typer, sklearn-compat, shap, seaborn, optuna, catboost, imbalanced-learn, huggingface-hub, tokenizers, transformers, sentence-transformers

Successfully installed Mako-1.3.12 alembic-1.18.4 annotated-doc-0.0.4 anyio-4.14.0 catboost-1.2.10 certifi-2026.6.17 click-8.4.1 cloudpickle-3.1.2 colorlog-6.10.1 contourpy-1.3.2 cycler-0.12.1 exceptiongroup-1.3.1 fonttools-4.63.0 graphviz-0.21 greenlet-3.5.2 h11-0.16.0 hf-xet-1.5.1 httpcore-1.0.9 httpx-0.28.1 huggingface-hub-1.20.1 idna-3.18 imbalanced-learn-0.14.2 joblib-1.5.3 kiwisolver-1.5.0 langdetect-1.0.9 lightgbm-4.6.0 llvmlite-0.47.0 markdown-it-py-4.2.0 matplotlib-3.10.9 mdurl-0.1.2 narwhals-2.22.1 numba-0.65.1 numpy-2.2.6 nvidia-nccl-cu12-2.30.7 optuna-4.9.0 pandas-2.3.3 pillow-12.2.0 plotly-6.8.0 pygments-2.20.0 pyparsing-3.3.2 python-dateutil-2.9.0.post0 pytz-2026.2 pyyaml-6.0.3 regex-2026.5.9 rich-15.0.0 safetensors-0.8.0 scikit-learn-1.7.2 scipy-1.15.3 seaborn-0.13.2 sentence-transformers-5.6.0 shap-0.49.1 shellingham-1.5.4 six-1.17.0 sklearn-compat-0.1.6 slicer-0.0.8 sqlalchemy-2.0.51 threadpoolctl-3.6.0 tokenizers-0.22.2 tomli-2.4.1 tqdm-4.68.3 transformers-5.12.1 typer-0.25.1 tzdata-2026.2 xgboost-3.2.0
ALL_IMPORTS_OK
INSTALL_DONE exit=0
